Microchip MPLAB XC8 Compiler V2.41

Linker command line:

-W-3 \
  --edf=C:/Program Files/Microchip/MPLABX/v6.15/packs/Microchip/PIC18F-K_DFP/1.11.281/xc8\pic\dat\20230721151103_en.msgs \
  -cn -h+dist/default/production\SmartHome_Master.X.production.sym \
  --cmf=dist/default/production\SmartHome_Master.X.production.cmf -z \
  -Q18F46K20 -oC:\Users\moham\AppData\Local\Temp\xcAs60k.\driver_tmp_3.o \
  --defsym=__MPLAB_BUILD=1 --fixupoverflow=error \
  -Mdist/default/production/SmartHome_Master.X.production.map \
  --md=C:\Users\moham\AppData\Local\Temp\xcAs60k.\driver_tmp_0.dat -E1 \
  -ver=XC8 Compiler --acfsm=1493 -ACODE=00h-0FFFFh -ACONST=00h-0FFFFh \
  -ASMALLCONST=01000h-010FFhx240 -AMEDIUMCONST=01000h-0FFFFh \
  -ACOMRAM=01h-05Fh -AABS1=00h-0F5Fh -ABIGRAM=01h-0F5Fh \
  -ARAM=060h-0FFh,0100h-01FFhx14,0F00h-0F5Fh -ABANK0=060h-0FFh \
  -ABANK1=0100h-01FFh -ABANK2=0200h-02FFh -ABANK3=0300h-03FFh \
  -ABANK4=0400h-04FFh -ABANK5=0500h-05FFh -ABANK6=0600h-06FFh \
  -ABANK7=0700h-07FFh -ABANK8=0800h-08FFh -ABANK9=0900h-09FFh \
  -ABANK10=0A00h-0AFFh -ABANK11=0B00h-0BFFh -ABANK12=0C00h-0CFFh \
  -ABANK13=0D00h-0DFFh -ABANK14=0E00h-0EFFh -ABANK15=0F00h-0F5Fh \
  -ASFR=0F60h-0FFFh -ABIGSFR=0F60h-0FFFh -ACONFIG=0300000h-030000Dh \
  -AIDLOC=0200000h-0200007h -AEEDATA=0F00000h-0F003FFh -peeprom_data=EEDATA \
  -preset_vec=00h,intcode,intcodelo,powerup,init -pramtop=01000h \
  -psmallconst=SMALLCONST -pmediumconst=MEDIUMCONST -pconst=CONST \
  -AFARRAM=00h-00h \
  -prdata=COMRAM,nvrram=COMRAM,nvbit=COMRAM,rbss=COMRAM,rbit=COMRAM \
  -pfarbss=FARRAM,fardata=FARRAM,nvFARRAM=FARRAM \
  -pintsave_regs=BIGRAM,bigbss=BIGRAM,bigdata=BIGRAM -pbss=RAM \
  -pidata=CODE,irdata=CODE,ibigdata=CODE,ifardata=CODE -prparam=COMRAM \
  C:\Users\moham\AppData\Local\Temp\xcAs60k.\driver_tmp_9.o \
  dist/default/production\SmartHome_Master.X.production.o 

Object code version is 3.11

Machine type is 18F46K20



                Name                               Link     Load   Length Selector   Space Scale
C:\Users\moham\AppData\Local\Temp\xcAs60k.\driver_tmp_9.o
                config                           300000   300000        E        0       4
                init                                  0        0        4        0       0
dist/default/production\SmartHome_Master.X.production.o
                config                           300000   300000        E        0       4
                smallconst                         1000     1000       32      800       0
                text66                             1A6A     1A6A        4      819       0
                text65                             1A66     1A66        4      819       0
                text64                             1A62     1A62        4      819       0
                text63                             180A     180A       2A      819       0
                text62                             1A5E     1A5E        4      819       0
                text61                             1A5A     1A5A        4      819       0
                text60                             1A56     1A56        4      819       0
                text59                             1856     1856       22      819       0
                text58                             140C     140C       76      819       0
                text57                             18DE     18DE       18      819       0
                text56                             17DE     17DE       2C      819       0
                text55                             17B2     17B2       2C      819       0
                text54                             1786     1786       2C      819       0
                text53                             175A     175A       2C      819       0
                text52                             1672     1672       40      819       0
                text51                             1A52     1A52        4      819       0
                text50                             1A4E     1A4E        4      819       0
                text49                             1A4A     1A4A        4      819       0
                text48                             1A3C     1A3C        6      819       0
                text47                             1A46     1A46        4      819       0
                text46                             1A36     1A36        6      819       0
                text45                             1A2E     1A2E        8      819       0
                text44                             1920     1920       14      819       0
                text43                             1A42     1A42        4      819       0
                text42                             131C     131C       7A      819       0
                text41                             19E4     19E4        A      819       0
                text40                             199A     199A        E      819       0
                text39                             198C     198C        E      819       0
                text38                             1032     1032       BE      819       0
                text37                             10F0     10F0       A4      819       0
                text36                             19DA     19DA        A      819       0
                text35                             1A26     1A26        8      819       0
                text34                             1A1E     1A1E        8      819       0
                text33                             1A16     1A16        8      819       0
                text32                             1A0E     1A0E        8      819       0
                text31                             1A06     1A06        8      819       0
                text30                             19FE     19FE        8      819       0
                text29                             19F6     19F6        8      819       0
                text28                             19D0     19D0        A      819       0
                text27                             15CC     15CC       64      819       0
                text26                             1564     1564       68      819       0
                text25                             197C     197C       10      819       0
                text24                             1878     1878       1C      819       0
                text23                             1630     1630       42      819       0
                text22                             19EE     19EE        8      819       0
                text21                             1834     1834       22      819       0
                text20                             1194     1194       8C      819       0
                text19                             18C6     18C6       18      819       0
                text18                             1482     1482       74      819       0
                text17                             196A     196A       12      819       0
                text16                             14F6     14F6       6E      819       0
                text15                             1958     1958       12      819       0
                text14                             18F6     18F6       16      819       0
                text13                             18AE     18AE       18      819       0
                text12                             16F0     16F0       3A      819       0
                text11                             12A0     12A0       7C      819       0
                text10                             1396     1396       76      819       0
                text9                              19C6     19C6        A      819       0
                text8                              19BC     19BC        A      819       0
                text7                              19B2     19B2        A      819       0
                text6                              16B2     16B2       3E      819       0
                text5                              190C     190C       14      819       0
                text4                              19A8     19A8        A      819       0
                text3                              172A     172A       30      819       0
                text2                              1946     1946       12      819       0
                text1                              1894     1894       1A      819       0
                text0                              1220     1220       80      819       0
                cstackCOMRAM                         2C       2C       1B        1       1
                bssCOMRAM                             1        1       2B        1       1
                cinit                              1934     1934       12      819       0
                nvCOMRAM                             47       47        6        1       1

TOTAL           Name                               Link     Load   Length     Space
        CLASS   CODE           
                init                                  0        0        4         0
                text66                             1A6A     1A6A        4         0
                text65                             1A66     1A66        4         0
                text64                             1A62     1A62        4         0
                text63                             180A     180A       2A         0
                text62                             1A5E     1A5E        4         0
                text61                             1A5A     1A5A        4         0
                text60                             1A56     1A56        4         0
                text59                             1856     1856       22         0
                text58                             140C     140C       76         0
                text57                             18DE     18DE       18         0
                text56                             17DE     17DE       2C         0
                text55                             17B2     17B2       2C         0
                text54                             1786     1786       2C         0
                text53                             175A     175A       2C         0
                text52                             1672     1672       40         0
                text51                             1A52     1A52        4         0
                text50                             1A4E     1A4E        4         0
                text49                             1A4A     1A4A        4         0
                text48                             1A3C     1A3C        6         0
                text47                             1A46     1A46        4         0
                text46                             1A36     1A36        6         0
                text45                             1A2E     1A2E        8         0
                text44                             1920     1920       14         0
                text43                             1A42     1A42        4         0
                text42                             131C     131C       7A         0
                text41                             19E4     19E4        A         0
                text40                             199A     199A        E         0
                text39                             198C     198C        E         0
                text38                             1032     1032       BE         0
                text37                             10F0     10F0       A4         0
                text36                             19DA     19DA        A         0
                text35                             1A26     1A26        8         0
                text34                             1A1E     1A1E        8         0
                text33                             1A16     1A16        8         0
                text32                             1A0E     1A0E        8         0
                text31                             1A06     1A06        8         0
                text30                             19FE     19FE        8         0
                text29                             19F6     19F6        8         0
                text28                             19D0     19D0        A         0
                text27                             15CC     15CC       64         0
                text26                             1564     1564       68         0
                text25                             197C     197C       10         0
                text24                             1878     1878       1C         0
                text23                             1630     1630       42         0
                text22                             19EE     19EE        8         0
                text21                             1834     1834       22         0
                text20                             1194     1194       8C         0
                text19                             18C6     18C6       18         0
                text18                             1482     1482       74         0
                text17                             196A     196A       12         0
                text16                             14F6     14F6       6E         0
                text15                             1958     1958       12         0
                text14                             18F6     18F6       16         0
                text13                             18AE     18AE       18         0
                text12                             16F0     16F0       3A         0
                text11                             12A0     12A0       7C         0
                text10                             1396     1396       76         0
                text9                              19C6     19C6        A         0
                text8                              19BC     19BC        A         0
                text7                              19B2     19B2        A         0
                text6                              16B2     16B2       3E         0
                text5                              190C     190C       14         0
                text4                              19A8     19A8        A         0
                text3                              172A     172A       30         0
                text2                              1946     1946       12         0
                text1                              1894     1894       1A         0
                text0                              1220     1220       80         0
                cinit                              1934     1934       12         0

        CLASS   CONST          

        CLASS   SMALLCONST     
                smallconst                         1000     1000       32         0

        CLASS   MEDIUMCONST    

        CLASS   COMRAM         
                cstackCOMRAM                         2C       2C       1B         1
                bssCOMRAM                             1        1       2B         1
                nvCOMRAM                             47       47        6         1

        CLASS   ABS1           

        CLASS   BIGRAM         

        CLASS   RAM            

        CLASS   BANK0          

        CLASS   BANK1          

        CLASS   BANK2          

        CLASS   BANK3          

        CLASS   BANK4          

        CLASS   BANK5          

        CLASS   BANK6          

        CLASS   BANK7          

        CLASS   BANK8          

        CLASS   BANK9          

        CLASS   BANK10         

        CLASS   BANK11         

        CLASS   BANK12         

        CLASS   BANK13         

        CLASS   BANK14         

        CLASS   BANK15         

        CLASS   SFR            

        CLASS   BIGSFR         

        CLASS   CONFIG         
                config                           300000   300000        E         4

        CLASS   IDLOC          

        CLASS   EEDATA         

        CLASS   FARRAM         

        CLASS   HEAP           

        CLASS   STACK          



SEGMENTS        Name                           Load    Length   Top    Selector   Space  Class

                reset_vec                      000000  000004  000004         0       0  CODE    
                bssCOMRAM                      000001  00004C  00004D         1       1  COMRAM  
                smallconst                     001000  000032  001032       800       0  SMALLCON
                text38                         001032  000A3C  001A6E       819       0  CODE    


UNUSED ADDRESS RANGES

        Name                Unused          Largest block    Delta
        BANK0            000060-0000FF               A0
        BANK1            000100-0001FF              100
        BANK10           000A00-000AFF              100
        BANK11           000B00-000BFF              100
        BANK12           000C00-000CFF              100
        BANK13           000D00-000DFF              100
        BANK14           000E00-000EFF              100
        BANK15           000F00-000F5F               60
        BANK2            000200-0002FF              100
        BANK3            000300-0003FF              100
        BANK4            000400-0004FF              100
        BANK5            000500-0005FF              100
        BANK6            000600-0006FF              100
        BANK7            000700-0007FF              100
        BANK8            000800-0008FF              100
        BANK9            000900-0009FF              100
        BIGRAM           00004D-000F5F              F13
        BIGSFR           000F60-000FFF               A0
        CODE             000004-000FFF              FFC
                         001A6E-00FFFF             E592
        COMRAM           00004D-00005F               13
        CONST            000004-000FFF              FFC
                         001A6E-00FFFF             E592
        EEDATA           F00000-F003FF              400
        IDLOC            200000-200007                8
        MEDIUMCONST      001A6E-00FFFF             E592
        RAM              000060-000F5F              100
        SFR              000F60-000FFF               A0
        SMALLCONST       001A6E-00FFFF              100

                                  Symbol Table

BCD_UART_Print@data                            cstackCOMRAM 00002D
EUSART_SetErrorHandler@interruptHandler        cstackCOMRAM 00002C
EUSART_SetFramingErrorHandler@interruptHandler cstackCOMRAM 00002C
EUSART_SetOverrunErrorHandler@interruptHandler cstackCOMRAM 00002C
EUSART_Write@txData                            cstackCOMRAM 00002C
EUSART_Write_String@str                        cstackCOMRAM 00002D
EXT_EEPROM_24C02C_read@data                    cstackCOMRAM 000042
EXT_EEPROM_24C02C_read@location_address        cstackCOMRAM 000040
EXT_EEPROM_24C02C_read@slave_address           cstackCOMRAM 000041
EXT_EEPROM_24C02C_write@data                   cstackCOMRAM 000041
EXT_EEPROM_24C02C_write@location_address       cstackCOMRAM 000040
EXT_EEPROM_24C02C_write@slave_address          cstackCOMRAM 000042
I2C_CallbackReturnReset@funPtr                 cstackCOMRAM 000035
I2C_Close@returnValue                          cstackCOMRAM 00002C
I2C_MasterOperation@read                       cstackCOMRAM 00003B
I2C_MasterOperation@returnValue                cstackCOMRAM 00003C
I2C_MasterSendTxData@data                      cstackCOMRAM 00002C
I2C_Open@address                               cstackCOMRAM 00002C
I2C_Open@returnValue                           cstackCOMRAM 00002D
I2C_Read1ByteRegister@address                  cstackCOMRAM 00003E
I2C_Read1ByteRegister@reg                      cstackCOMRAM 00003D
I2C_Read1ByteRegister@returnValue              cstackCOMRAM 00003F
I2C_SetAddressNackCallback@cb                  cstackCOMRAM 000031
I2C_SetAddressNackCallback@ptr                 cstackCOMRAM 000033
I2C_SetBuffer@buffer                           cstackCOMRAM 00002C
I2C_SetBuffer@bufferSize                       cstackCOMRAM 00002E
I2C_SetCallback@cb                             cstackCOMRAM 00002C
I2C_SetCallback@idx                            cstackCOMRAM 000030
I2C_SetCallback@ptr                            cstackCOMRAM 00002E
I2C_SetDataCompleteCallback@cb                 cstackCOMRAM 000031
I2C_SetDataCompleteCallback@ptr                cstackCOMRAM 000033
I2C_Write1ByteRegister@address                 cstackCOMRAM 00003F
I2C_Write1ByteRegister@data                    cstackCOMRAM 00003E
I2C_Write1ByteRegister@reg                     cstackCOMRAM 00003D
RTC_DS1307_print@slave_address                 cstackCOMRAM 000041
RTC_DS1307_receive_values@slave_address        cstackCOMRAM 000040
TEMPSENSOR_TC47_Read@slave_address             cstackCOMRAM 000040
TEMPSENSOR_TC47_Read@value                     cstackCOMRAM 000041
_ANSEL                                         (abs)        000F7E
_ANSELH                                        (abs)        000F7F
_BAUDCON                                       (abs)        000FB8
_BCD_UART_Print                                text13       0018AE
_EEADR                                         (abs)        000FA9
_EEADRH                                        (abs)        000FAA
_EECON1bits                                    (abs)        000FA6
_EECON2                                        (abs)        000FA7
_EEDATA                                        (abs)        000FA8
_EUSART_DefaultErrorHandler                    (abs)        000000
_EUSART_DefaultFramingErrorHandler             (abs)        000000
_EUSART_DefaultOverrunErrorHandler             (abs)        000000
_EUSART_ErrorHandler                           nvCOMRAM     000047
_EUSART_FramingErrorHandler                    nvCOMRAM     00004B
_EUSART_Initialize                             text6        0016B2
_EUSART_OverrunErrorHandler                    nvCOMRAM     000049
_EUSART_SetErrorHandler                        text9        0019C6
_EUSART_SetFramingErrorHandler                 text8        0019BC
_EUSART_SetOverrunErrorHandler                 text7        0019B2
_EUSART_Write                                  text14       0018F6
_EUSART_Write_String                           text12       0016F0
_EXT_EEPROM_24C02C_read                        text17       00196A
_EXT_EEPROM_24C02C_write                       text15       001958
_I2C_CallbackReturnReset                       text50       001A4E
_I2C_CallbackReturnStop                        text51       001A52
_I2C_Close                                     text63       00180A
_I2C_DO_ADDRESS_NACK                           text27       0015CC
_I2C_DO_IDLE                                   text41       0019E4
_I2C_DO_RCEN                                   text36       0019DA
_I2C_DO_RESET                                  text28       0019D0
_I2C_DO_RX                                     text37       0010F0
_I2C_DO_RX_ACK                                 text31       001A06
_I2C_DO_RX_NACK_RESTART                        text29       0019F6
_I2C_DO_RX_NACK_STOP                           text30       0019FE
_I2C_DO_SEND_ADR_READ                          text40       00199A
_I2C_DO_SEND_ADR_WRITE                         text39       00198C
_I2C_DO_SEND_RESTART                           text33       001A16
_I2C_DO_SEND_RESTART_READ                      text35       001A26
_I2C_DO_SEND_RESTART_WRITE                     text34       001A1E
_I2C_DO_SEND_STOP                              text32       001A0E
_I2C_DO_TX                                     text38       001032
_I2C_DO_TX_EMPTY                               text42       00131C
_I2C_Initialize                                text5        00190C
_I2C_MasterClearIrq                            text66       001A6A
_I2C_MasterClose                               text65       001A66
_I2C_MasterDisableIrq                          text64       001A62
_I2C_MasterEnableRestart                       text61       001A5A
_I2C_MasterFsm                                 text26       001564
_I2C_MasterGetRxData                           text47       001A46
_I2C_MasterIsNack                              text44       001920
_I2C_MasterOpen                                text21       001834
_I2C_MasterOperation                           text23       001630
_I2C_MasterSendAck                             text46       001A36
_I2C_MasterSendNack                            text48       001A3C
_I2C_MasterSendTxData                          text45       001A2E
_I2C_MasterSetIrq                              text43       001A42
_I2C_MasterStart                               text62       001A5E
_I2C_MasterStartRx                             text49       001A4A
_I2C_MasterStop                                text60       001A56
_I2C_MasterWaitForEvent                        text25       00197C
_I2C_MasterWrite                               text22       0019EE
_I2C_Open                                      text20       001194
_I2C_Poller                                    text24       001878
_I2C_Read1ByteRegister                         text18       001482
_I2C_SetAddressNackCallback                    text19       0018C6
_I2C_SetBuffer                                 text59       001856
_I2C_SetCallback                               text58       00140C
_I2C_SetDataCompleteCallback                   text57       0018DE
_I2C_Status                                    bssCOMRAM    000001
_I2C_Write1ByteRegister                        text16       0014F6
_INTCON2bits                                   (abs)        000FF1
_INTCONbits                                    (abs)        000FF2
_LATA                                          (abs)        000F89
_LATB                                          (abs)        000F8A
_LATC                                          (abs)        000F8B
_LATD                                          (abs)        000F8C
_LATE                                          (abs)        000F8D
_OSCCON                                        (abs)        000FD3
_OSCILLATOR_Initialize                         text4        0019A8
_OSCTUNE                                       (abs)        000F9B
_PIE1bits                                      (abs)        000F9D
_PIN_MANAGER_Initialize                        text3        00172A
_PIR1bits                                      (abs)        000F9E
_PIR2bits                                      (abs)        000FA1
_RCREG                                         (abs)        000FAE
_RCSTA                                         (abs)        000FAB
_RCSTAbits                                     (abs)        000FAB
_RTC_DS1307_print                              text10       001396
_RTC_DS1307_receive_values                     text11       0012A0
_SPBRG                                         (abs)        000FAF
_SPBRGH                                        (abs)        000FB0
_SSPADD                                        (abs)        000FC8
_SSPBUF                                        (abs)        000FC9
_SSPCON1                                       (abs)        000FC6
_SSPCON1bits                                   (abs)        000FC6
_SSPCON2                                       (abs)        000FC5
_SSPCON2bits                                   (abs)        000FC5
_SSPSTAT                                       (abs)        000FC7
_SSPSTATbits                                   (abs)        000FC7
_SYSTEM_Initialize                             text2        001946
_TABLAT                                        (abs)        000FF5
_TBLPTRH                                       (abs)        000FF7
_TBLPTRL                                       (abs)        000FF6
_TBLPTRU                                       (abs)        000FF8
_TEMPSENSOR_TC47_Read                          text1        001894
_TRISA                                         (abs)        000F92
_TRISB                                         (abs)        000F93
_TRISC                                         (abs)        000F94
_TRISD                                         (abs)        000F95
_TRISE                                         (abs)        000F96
_TXREG                                         (abs)        000FAD
_TXSTA                                         (abs)        000FAC
_TXSTAbits                                     (abs)        000FAC
_WPUB                                          (abs)        000F7C
__HRAM                                         (abs)        000000
__H__absolute__                                __absolute__ 000000
__Habs1                                        abs1         000000
__Hbank0                                       bank0        000000
__Hbank1                                       bank1        000000
__Hbank10                                      bank10       000000
__Hbank11                                      bank11       000000
__Hbank12                                      bank12       000000
__Hbank13                                      bank13       000000
__Hbank14                                      bank14       000000
__Hbank15                                      bank15       000000
__Hbank2                                       bank2        000000
__Hbank3                                       bank3        000000
__Hbank4                                       bank4        000000
__Hbank5                                       bank5        000000
__Hbank6                                       bank6        000000
__Hbank7                                       bank7        000000
__Hbank8                                       bank8        000000
__Hbank9                                       bank9        000000
__Hbigbss                                      bigbss       000000
__Hbigdata                                     bigdata      000000
__Hbigram                                      bigram       000000
__Hbigsfr                                      bigsfr       000000
__Hbss                                         bss          000000
__HbssCOMRAM                                   bssCOMRAM    000000
__Hcinit                                       cinit        000000
__Hclrtext                                     clrtext      000000
__Hcomram                                      comram       000000
__Hconfig                                      config       30000E
__Hconst                                       const        000000
__HcstackCOMRAM                                cstackCOMRAM 000000
__Hdata                                        data         000000
__Heeprom_data                                 eeprom_data  000000
__Hfarbss                                      farbss       000000
__Hfardata                                     fardata      000000
__Hheap                                        heap         000000
__Hibigdata                                    ibigdata     000000
__Hidata                                       idata        000000
__Hidloc                                       idloc        000000
__Hifardata                                    ifardata     000000
__Hinit                                        init         000004
__Hintcode                                     intcode      000000
__Hintcode_body                                intcode_body 000000
__Hintcodelo                                   intcodelo    000000
__Hintentry                                    intentry     000000
__Hintret                                      intret       000000
__Hintsave_regs                                intsave_regs 000000
__Hirdata                                      irdata       000000
__Hmediumconst                                 mediumconst  000000
__HnvCOMRAM                                    nvCOMRAM     000000
__HnvFARRAM                                    nvFARRAM     000000
__Hnvbit                                       nvbit        000000
__Hnvrram                                      nvrram       000000
__Hparam                                       rparam       000000
__Hpowerup                                     powerup      000000
__Hram                                         ram          000000
__Hramtop                                      ramtop       001000
__Hrbit                                        rbit         000000
__Hrbss                                        rbss         000000
__Hrdata                                       rdata        000000
__Hreset_vec                                   reset_vec    000000
__Hrparam                                      rparam       000000
__Hsfr                                         sfr          000000
__Hsmallconst                                  smallconst   001032
__Hspace_0                                     (abs)        001A6E
__Hspace_1                                     (abs)        00004D
__Hspace_2                                     (abs)        000000
__Hspace_4                                     (abs)        60000E
__Hstack                                       stack        000000
__Hstruct                                      struct       000000
__Htemp                                        temp         000000
__Htext                                        text         000000
__Htext0                                       text0        000000
__Htext1                                       text1        000000
__Htext10                                      text10       000000
__Htext11                                      text11       000000
__Htext12                                      text12       000000
__Htext13                                      text13       000000
__Htext14                                      text14       000000
__Htext15                                      text15       000000
__Htext16                                      text16       000000
__Htext17                                      text17       000000
__Htext18                                      text18       000000
__Htext19                                      text19       000000
__Htext2                                       text2        000000
__Htext20                                      text20       000000
__Htext21                                      text21       000000
__Htext22                                      text22       000000
__Htext23                                      text23       000000
__Htext24                                      text24       000000
__Htext25                                      text25       000000
__Htext26                                      text26       000000
__Htext27                                      text27       000000
__Htext28                                      text28       000000
__Htext29                                      text29       000000
__Htext3                                       text3        000000
__Htext30                                      text30       000000
__Htext31                                      text31       000000
__Htext32                                      text32       000000
__Htext33                                      text33       000000
__Htext34                                      text34       000000
__Htext35                                      text35       000000
__Htext36                                      text36       000000
__Htext37                                      text37       000000
__Htext38                                      text38       000000
__Htext39                                      text39       000000
__Htext4                                       text4        000000
__Htext40                                      text40       000000
__Htext41                                      text41       000000
__Htext42                                      text42       000000
__Htext43                                      text43       000000
__Htext44                                      text44       000000
__Htext45                                      text45       000000
__Htext46                                      text46       000000
__Htext47                                      text47       000000
__Htext48                                      text48       000000
__Htext49                                      text49       000000
__Htext5                                       text5        000000
__Htext50                                      text50       000000
__Htext51                                      text51       000000
__Htext52                                      text52       000000
__Htext53                                      text53       000000
__Htext54                                      text54       000000
__Htext55                                      text55       000000
__Htext56                                      text56       000000
__Htext57                                      text57       000000
__Htext58                                      text58       000000
__Htext59                                      text59       000000
__Htext6                                       text6        000000
__Htext60                                      text60       000000
__Htext61                                      text61       000000
__Htext62                                      text62       000000
__Htext63                                      text63       000000
__Htext64                                      text64       000000
__Htext65                                      text65       000000
__Htext66                                      text66       000000
__Htext67                                      text67       000000
__Htext7                                       text7        000000
__Htext8                                       text8        000000
__Htext9                                       text9        000000
__LRAM                                         (abs)        000001
__L__absolute__                                __absolute__ 000000
__Labs1                                        abs1         000000
__Lbank0                                       bank0        000000
__Lbank1                                       bank1        000000
__Lbank10                                      bank10       000000
__Lbank11                                      bank11       000000
__Lbank12                                      bank12       000000
__Lbank13                                      bank13       000000
__Lbank14                                      bank14       000000
__Lbank15                                      bank15       000000
__Lbank2                                       bank2        000000
__Lbank3                                       bank3        000000
__Lbank4                                       bank4        000000
__Lbank5                                       bank5        000000
__Lbank6                                       bank6        000000
__Lbank7                                       bank7        000000
__Lbank8                                       bank8        000000
__Lbank9                                       bank9        000000
__Lbigbss                                      bigbss       000000
__Lbigdata                                     bigdata      000000
__Lbigram                                      bigram       000000
__Lbigsfr                                      bigsfr       000000
__Lbss                                         bss          000000
__LbssCOMRAM                                   bssCOMRAM    000000
__Lcinit                                       cinit        000000
__Lclrtext                                     clrtext      000000
__Lcomram                                      comram       000000
__Lconfig                                      config       000000
__Lconst                                       const        000000
__LcstackCOMRAM                                cstackCOMRAM 000000
__Ldata                                        data         000000
__Leeprom_data                                 eeprom_data  000000
__Lfarbss                                      farbss       000000
__Lfardata                                     fardata      000000
__Lheap                                        heap         000000
__Libigdata                                    ibigdata     000000
__Lidata                                       idata        000000
__Lidloc                                       idloc        000000
__Lifardata                                    ifardata     000000
__Linit                                        init         000000
__Lintcode                                     intcode      000000
__Lintcode_body                                intcode_body 000000
__Lintcodelo                                   intcodelo    000000
__Lintentry                                    intentry     000000
__Lintret                                      intret       000000
__Lintsave_regs                                intsave_regs 000000
__Lirdata                                      irdata       000000
__Lmediumconst                                 mediumconst  000000
__LnvCOMRAM                                    nvCOMRAM     000000
__LnvFARRAM                                    nvFARRAM     000000
__Lnvbit                                       nvbit        000000
__Lnvrram                                      nvrram       000000
__Lparam                                       rparam       000000
__Lpowerup                                     powerup      000000
__Lram                                         ram          000000
__Lramtop                                      ramtop       001000
__Lrbit                                        rbit         000000
__Lrbss                                        rbss         000000
__Lrdata                                       rdata        000000
__Lreset_vec                                   reset_vec    000000
__Lrparam                                      rparam       000000
__Lsfr                                         sfr          000000
__Lsmallconst                                  smallconst   001000
__Lspace_0                                     (abs)        000000
__Lspace_1                                     (abs)        000000
__Lspace_2                                     (abs)        000000
__Lspace_4                                     (abs)        000000
__Lstack                                       stack        000000
__Lstruct                                      struct       000000
__Ltemp                                        temp         000000
__Ltext                                        text         000000
__Ltext0                                       text0        000000
__Ltext1                                       text1        000000
__Ltext10                                      text10       000000
__Ltext11                                      text11       000000
__Ltext12                                      text12       000000
__Ltext13                                      text13       000000
__Ltext14                                      text14       000000
__Ltext15                                      text15       000000
__Ltext16                                      text16       000000
__Ltext17                                      text17       000000
__Ltext18                                      text18       000000
__Ltext19                                      text19       000000
__Ltext2                                       text2        000000
__Ltext20                                      text20       000000
__Ltext21                                      text21       000000
__Ltext22                                      text22       000000
__Ltext23                                      text23       000000
__Ltext24                                      text24       000000
__Ltext25                                      text25       000000
__Ltext26                                      text26       000000
__Ltext27                                      text27       000000
__Ltext28                                      text28       000000
__Ltext29                                      text29       000000
__Ltext3                                       text3        000000
__Ltext30                                      text30       000000
__Ltext31                                      text31       000000
__Ltext32                                      text32       000000
__Ltext33                                      text33       000000
__Ltext34                                      text34       000000
__Ltext35                                      text35       000000
__Ltext36                                      text36       000000
__Ltext37                                      text37       000000
__Ltext38                                      text38       000000
__Ltext39                                      text39       000000
__Ltext4                                       text4        000000
__Ltext40                                      text40       000000
__Ltext41                                      text41       000000
__Ltext42                                      text42       000000
__Ltext43                                      text43       000000
__Ltext44                                      text44       000000
__Ltext45                                      text45       000000
__Ltext46                                      text46       000000
__Ltext47                                      text47       000000
__Ltext48                                      text48       000000
__Ltext49                                      text49       000000
__Ltext5                                       text5        000000
__Ltext50                                      text50       000000
__Ltext51                                      text51       000000
__Ltext52                                      text52       000000
__Ltext53                                      text53       000000
__Ltext54                                      text54       000000
__Ltext55                                      text55       000000
__Ltext56                                      text56       000000
__Ltext57                                      text57       000000
__Ltext58                                      text58       000000
__Ltext59                                      text59       000000
__Ltext6                                       text6        000000
__Ltext60                                      text60       000000
__Ltext61                                      text61       000000
__Ltext62                                      text62       000000
__Ltext63                                      text63       000000
__Ltext64                                      text64       000000
__Ltext65                                      text65       000000
__Ltext66                                      text66       000000
__Ltext67                                      text67       000000
__Ltext7                                       text7        000000
__Ltext8                                       text8        000000
__Ltext9                                       text9        000000
__S0                                           (abs)        001A6E
__S1                                           (abs)        00004D
__S4                                           (abs)        000000
__S5                                           (abs)        000000
___heap_hi                                     (abs)        000000
___heap_lo                                     (abs)        000000
___inthi_sp                                    stack        000000
___intlo_sp                                    stack        000000
___param_bank                                  (abs)        000000
___rparam_used                                 (abs)        000001
___sp                                          stack        000000
__accesstop                                    (abs)        000060
__activetblptr                                 (abs)        000003
__end_of_BCD_UART_Print                        text13       0018C6
__end_of_EUSART_Initialize                     text6        0016F0
__end_of_EUSART_SetErrorHandler                text9        0019D0
__end_of_EUSART_SetFramingErrorHandler         text8        0019C6
__end_of_EUSART_SetOverrunErrorHandler         text7        0019BC
__end_of_EUSART_Write                          text14       00190C
__end_of_EUSART_Write_String                   text12       00172A
__end_of_EXT_EEPROM_24C02C_read                text17       00197C
__end_of_EXT_EEPROM_24C02C_write               text15       00196A
__end_of_I2C_CallbackReturnReset               text50       001A52
__end_of_I2C_CallbackReturnStop                text51       001A56
__end_of_I2C_Close                             text63       001834
__end_of_I2C_DO_ADDRESS_NACK                   text27       001630
__end_of_I2C_DO_IDLE                           text41       0019EE
__end_of_I2C_DO_RCEN                           text36       0019E4
__end_of_I2C_DO_RESET                          text28       0019DA
__end_of_I2C_DO_RX                             text37       001194
__end_of_I2C_DO_RX_ACK                         text31       001A0E
__end_of_I2C_DO_RX_NACK_RESTART                text29       0019FE
__end_of_I2C_DO_RX_NACK_STOP                   text30       001A06
__end_of_I2C_DO_SEND_ADR_READ                  text40       0019A8
__end_of_I2C_DO_SEND_ADR_WRITE                 text39       00199A
__end_of_I2C_DO_SEND_RESTART                   text33       001A1E
__end_of_I2C_DO_SEND_RESTART_READ              text35       001A2E
__end_of_I2C_DO_SEND_RESTART_WRITE             text34       001A26
__end_of_I2C_DO_SEND_STOP                      text32       001A16
__end_of_I2C_DO_TX                             text38       0010F0
__end_of_I2C_DO_TX_EMPTY                       text42       001396
__end_of_I2C_Initialize                        text5        001920
__end_of_I2C_MasterClearIrq                    text66       001A6E
__end_of_I2C_MasterClose                       text65       001A6A
__end_of_I2C_MasterDisableIrq                  text64       001A66
__end_of_I2C_MasterEnableRestart               text61       001A5E
__end_of_I2C_MasterFsm                         text26       0015CC
__end_of_I2C_MasterGetRxData                   text47       001A4A
__end_of_I2C_MasterIsNack                      text44       001934
__end_of_I2C_MasterOpen                        text21       001856
__end_of_I2C_MasterOperation                   text23       001672
__end_of_I2C_MasterSendAck                     text46       001A3C
__end_of_I2C_MasterSendNack                    text48       001A42
__end_of_I2C_MasterSendTxData                  text45       001A36
__end_of_I2C_MasterSetIrq                      text43       001A46
__end_of_I2C_MasterStart                       text62       001A62
__end_of_I2C_MasterStartRx                     text49       001A4E
__end_of_I2C_MasterStop                        text60       001A5A
__end_of_I2C_MasterWaitForEvent                text25       00198C
__end_of_I2C_MasterWrite                       text22       0019F6
__end_of_I2C_Open                              text20       001220
__end_of_I2C_Poller                            text24       001894
__end_of_I2C_Read1ByteRegister                 text18       0014F6
__end_of_I2C_SetAddressNackCallback            text19       0018DE
__end_of_I2C_SetBuffer                         text59       001878
__end_of_I2C_SetCallback                       text58       001482
__end_of_I2C_SetDataCompleteCallback           text57       0018F6
__end_of_I2C_Write1ByteRegister                text16       001564
__end_of_OSCILLATOR_Initialize                 text4        0019B2
__end_of_PIN_MANAGER_Initialize                text3        00175A
__end_of_RTC_DS1307_print                      text10       00140C
__end_of_RTC_DS1307_receive_values             text11       00131C
__end_of_SYSTEM_Initialize                     text2        001958
__end_of_TEMPSENSOR_TC47_Read                  text1        0018AE
__end_of__initialization                       cinit        001940
__end_of_i2c_fsmStateTable                     smallconst   001021
__end_of_main                                  text0        0012A0
__end_of_rd1RegCompleteHandler                 text55       0017DE
__end_of_rd2RegCompleteHandler                 text54       0017B2
__end_of_rdBlkRegCompleteHandler               text52       0016B2
__end_of_wr1RegCompleteHandler                 text53       001786
__end_of_wr2RegCompleteHandler                 text56       00180A
__initialization                               cinit        001934
__mediumconst                                  mediumconst  000000
__pbssCOMRAM                                   bssCOMRAM    000001
__pcinit                                       cinit        001934
__pcstackCOMRAM                                cstackCOMRAM 00002C
__pnvCOMRAM                                    nvCOMRAM     000047
__psmallconst                                  smallconst   001000
__ptext0                                       text0        001220
__ptext1                                       text1        001894
__ptext10                                      text10       001396
__ptext11                                      text11       0012A0
__ptext12                                      text12       0016F0
__ptext13                                      text13       0018AE
__ptext14                                      text14       0018F6
__ptext15                                      text15       001958
__ptext16                                      text16       0014F6
__ptext17                                      text17       00196A
__ptext18                                      text18       001482
__ptext19                                      text19       0018C6
__ptext2                                       text2        001946
__ptext20                                      text20       001194
__ptext21                                      text21       001834
__ptext22                                      text22       0019EE
__ptext23                                      text23       001630
__ptext24                                      text24       001878
__ptext25                                      text25       00197C
__ptext26                                      text26       001564
__ptext27                                      text27       0015CC
__ptext28                                      text28       0019D0
__ptext29                                      text29       0019F6
__ptext3                                       text3        00172A
__ptext30                                      text30       0019FE
__ptext31                                      text31       001A06
__ptext32                                      text32       001A0E
__ptext33                                      text33       001A16
__ptext34                                      text34       001A1E
__ptext35                                      text35       001A26
__ptext36                                      text36       0019DA
__ptext37                                      text37       0010F0
__ptext38                                      text38       001032
__ptext39                                      text39       00198C
__ptext4                                       text4        0019A8
__ptext40                                      text40       00199A
__ptext41                                      text41       0019E4
__ptext42                                      text42       00131C
__ptext43                                      text43       001A42
__ptext44                                      text44       001920
__ptext45                                      text45       001A2E
__ptext46                                      text46       001A36
__ptext47                                      text47       001A46
__ptext48                                      text48       001A3C
__ptext49                                      text49       001A4A
__ptext5                                       text5        00190C
__ptext50                                      text50       001A4E
__ptext51                                      text51       001A52
__ptext52                                      text52       001672
__ptext53                                      text53       00175A
__ptext54                                      text54       001786
__ptext55                                      text55       0017B2
__ptext56                                      text56       0017DE
__ptext57                                      text57       0018DE
__ptext58                                      text58       00140C
__ptext59                                      text59       001856
__ptext6                                       text6        0016B2
__ptext60                                      text60       001A56
__ptext61                                      text61       001A5A
__ptext62                                      text62       001A5E
__ptext63                                      text63       00180A
__ptext64                                      text64       001A62
__ptext65                                      text65       001A66
__ptext66                                      text66       001A6A
__ptext67                                      text67       000000
__ptext7                                       text7        0019B2
__ptext8                                       text8        0019BC
__ptext9                                       text9        0019C6
__ramtop                                       ramtop       001000
__smallconst                                   smallconst   001000
_eusartRxLastError                             bssCOMRAM    00002B
_i2c_fsmStateTable                             smallconst   001001
_main                                          text0        001220
_rd1RegCompleteHandler                         text55       0017B2
_rd2RegCompleteHandler                         text54       001786
_rdBlkRegCompleteHandler                       text52       001672
_rtc_received                                  bssCOMRAM    000025
_wr1RegCompleteHandler                         text53       00175A
_wr2RegCompleteHandler                         text56       0017DE
end_of_initialization                          cinit        001940
intlevel0                                      text         000000
intlevel1                                      text         000000
intlevel2                                      text         000000
intlevel3                                      text         000000
isa$std                                        (abs)        000001
isa$xinst                                      (abs)        000000
main@TempSensor_Val                            cstackCOMRAM 000045
main@Temp_Set_Value                            cstackCOMRAM 000046
rd1RegCompleteHandler@ptr                      cstackCOMRAM 000035
rd2RegCompleteHandler@ptr                      cstackCOMRAM 000035
rdBlkRegCompleteHandler@ptr                    cstackCOMRAM 000035
stackhi                                        (abs)        000000
stacklo                                        (abs)        000000
start                                          init         000000
start_initialization                           cinit        001934
wr1RegCompleteHandler@ptr                      cstackCOMRAM 000035
wr2RegCompleteHandler@ptr                      cstackCOMRAM 000035


MODULE INFORMATION

Module		Function		Class		Link	Load	Size
ECUAL/TempSensor_TC47/tempsensor_tc47.c
		_TEMPSENSOR_TC47_Read		CODE           	1894	0000	26

ECUAL/TempSensor_TC47/tempsensor_tc47.c estimated size: 26

mcc_generated_files/examples/i2c_master_example.c
		_wr1RegCompleteHandler		CODE           	175A	0000	44
		_wr2RegCompleteHandler		CODE           	17DE	0000	44
		_I2C_Write1ByteRegister		CODE           	14F6	0000	110
		_I2C_Read1ByteRegister		CODE           	1482	0000	116
		_rdBlkRegCompleteHandler		CODE           	1672	0000	64
		_rd1RegCompleteHandler		CODE           	17B2	0000	44
		_rd2RegCompleteHandler		CODE           	1786	0000	44

mcc_generated_files/examples/i2c_master_example.c estimated size: 466

mcc_generated_files/pin_manager.c
		_PIN_MANAGER_Initialize		CODE           	172A	0000	48

mcc_generated_files/pin_manager.c estimated size: 48

shared
		__initialization		CODE           	1934	0000	12
		_i2c_fsmStateTable		SMALLCONST     	1001	0000	32

shared estimated size: 44

mcc_generated_files/mcc.c
		_OSCILLATOR_Initialize		CODE           	19A8	0000	10
		_SYSTEM_Initialize		CODE           	1946	0000	18

mcc_generated_files/mcc.c estimated size: 28

ECUAL/RTC_DS1307/rtc_ds1307.c
		_RTC_DS1307_receive_values		CODE           	12A0	0000	124
		_RTC_DS1307_print		CODE           	1396	0000	118
		_BCD_UART_Print		CODE           	18AE	0000	24

ECUAL/RTC_DS1307/rtc_ds1307.c estimated size: 266

ECUAL/EXT_EEPROM_24C02C/ext_eeprom_24c02c.c
		_EXT_EEPROM_24C02C_read		CODE           	196A	0000	18
		_EXT_EEPROM_24C02C_write		CODE           	1958	0000	18

ECUAL/EXT_EEPROM_24C02C/ext_eeprom_24c02c.c estimated size: 36

mcc_generated_files/i2c_master.c
		_I2C_Close     		CODE           	180A	0000	42
		_I2C_MasterStartRx		CODE           	1A4A	0000	4
		_I2C_DO_SEND_ADR_WRITE		CODE           	198C	0000	14
		_I2C_MasterWaitForEvent		CODE           	197C	0000	16
		_I2C_DO_SEND_STOP		CODE           	1A0E	0000	8
		_I2C_MasterSendNack		CODE           	1A3C	0000	6
		_I2C_MasterDisableIrq		CODE           	1A62	0000	4
		_I2C_CallbackReturnStop		CODE           	1A52	0000	4
		_I2C_MasterOperation		CODE           	1630	0000	66
		_I2C_DO_SEND_ADR_READ		CODE           	199A	0000	14
		_I2C_DO_RX_NACK_STOP		CODE           	19FE	0000	8
		_I2C_DO_SEND_RESTART		CODE           	1A16	0000	8
		_I2C_DO_RX     		CODE           	10F0	0000	164
		_I2C_DO_TX     		CODE           	1032	0000	190
		_I2C_DO_IDLE   		CODE           	19E4	0000	10
		_I2C_DO_RCEN   		CODE           	19DA	0000	10
		_I2C_Poller    		CODE           	1878	0000	28
		_I2C_DO_RESET  		CODE           	19D0	0000	10
		_I2C_MasterClose		CODE           	1A66	0000	4
		_I2C_MasterWrite		CODE           	19EE	0000	8
		_I2C_DO_RX_ACK 		CODE           	1A06	0000	8
		_I2C_MasterStart		CODE           	1A5E	0000	4
		_I2C_MasterClearIrq		CODE           	1A6A	0000	4
		_I2C_MasterGetRxData		CODE           	1A46	0000	4
		_I2C_SetCallback		CODE           	140C	0000	118
		_I2C_DO_ADDRESS_NACK		CODE           	15CC	0000	100
		_I2C_MasterEnableRestart		CODE           	1A5A	0000	4
		_I2C_CallbackReturnReset		CODE           	1A4E	0000	4
		_I2C_Open      		CODE           	1194	0000	140
		_I2C_SetAddressNackCallback		CODE           	18C6	0000	24
		_I2C_DO_TX_EMPTY		CODE           	131C	0000	122
		_I2C_DO_SEND_RESTART_WRITE		CODE           	1A1E	0000	8
		_I2C_MasterIsNack		CODE           	1920	0000	20
		_I2C_SetDataCompleteCallback		CODE           	18DE	0000	24
		_I2C_DO_RX_NACK_RESTART		CODE           	19F6	0000	8
		_I2C_MasterSendAck		CODE           	1A36	0000	6
		_I2C_MasterFsm 		CODE           	1564	0000	104
		_I2C_MasterSetIrq		CODE           	1A42	0000	4
		_I2C_DO_SEND_RESTART_READ		CODE           	1A26	0000	8
		_I2C_Initialize		CODE           	190C	0000	20
		_I2C_SetBuffer 		CODE           	1856	0000	34
		_I2C_MasterOpen		CODE           	1834	0000	34
		_I2C_MasterSendTxData		CODE           	1A2E	0000	8
		_I2C_MasterStop		CODE           	1A56	0000	4

mcc_generated_files/i2c_master.c estimated size: 1432

mcc_generated_files/eusart.c
		_EUSART_Write  		CODE           	18F6	0000	22
		_EUSART_Write_String		CODE           	16F0	0000	58
		_EUSART_Initialize		CODE           	16B2	0000	62
		_EUSART_SetFramingErrorHandler		CODE           	19BC	0000	10
		_EUSART_SetErrorHandler		CODE           	19C6	0000	10
		_EUSART_SetOverrunErrorHandler		CODE           	19B2	0000	10

mcc_generated_files/eusart.c estimated size: 172

main.c
		_main          		CODE           	1220	0000	128

main.c estimated size: 128

