Microchip MPLAB XC8 Compiler V2.41

Linker command line:

-W-3 \
  --edf=C:/Program Files/Microchip/MPLABX/v6.15/packs/Microchip/PIC18F-K_DFP/1.11.281/xc8\pic\dat\20230721151103_en.msgs \
  -cn -h+dist/default/debug\SmartHome_Master.X.debug.sym \
  --cmf=dist/default/debug\SmartHome_Master.X.debug.cmf -z -Q18F46K20 \
  -oC:\Users\moham\AppData\Local\Temp\xcAscko.\driver_tmp_3.o \
  --defsym=__MPLAB_BUILD=1 --fixupoverflow=error \
  -Mdist/default/debug/SmartHome_Master.X.debug.map \
  --md=C:\Users\moham\AppData\Local\Temp\xcAscko.\driver_tmp_0.dat -E1 \
  -ver=XC8 Compiler --acfsm=1493 -ACODE=00h-0FFFFh -ACONST=00h-0FFFFh \
  -ASMALLCONST=01000h-010FFhx240 -AMEDIUMCONST=01000h-0FFFFh \
  -ACOMRAM=01h-05Fh -AABS1=00h-0F5Fh -ABIGRAM=01h-0F5Fh \
  -ARAM=060h-0FFh,0100h-01FFhx14,0F00h-0F5Fh -ABANK0=060h-0FFh \
  -ABANK1=0100h-01FFh -ABANK2=0200h-02FFh -ABANK3=0300h-03FFh \
  -ABANK4=0400h-04FFh -ABANK5=0500h-05FFh -ABANK6=0600h-06FFh \
  -ABANK7=0700h-07FFh -ABANK8=0800h-08FFh -ABANK9=0900h-09FFh \
  -ABANK10=0A00h-0AFFh -ABANK11=0B00h-0BFFh -ABANK12=0C00h-0CFFh \
  -ABANK13=0D00h-0DFFh -ABANK14=0E00h-0EFFh -ABANK15=0F00h-0F5Fh \
  -ASFR=0F60h-0FFFh -ABIGSFR=0F60h-0FFFh -ACONFIG=0300000h-030000Dh \
  -AIDLOC=0200000h-0200007h -AEEDATA=0F00000h-0F003FFh -peeprom_data=EEDATA \
  -preset_vec=00h,intcode,intcodelo,powerup,init -pramtop=01000h \
  -psmallconst=SMALLCONST -pmediumconst=MEDIUMCONST -pconst=CONST \
  -AFARRAM=00h-00h \
  -prdata=COMRAM,nvrram=COMRAM,nvbit=COMRAM,rbss=COMRAM,rbit=COMRAM \
  -pfarbss=FARRAM,fardata=FARRAM,nvFARRAM=FARRAM \
  -pintsave_regs=BIGRAM,bigbss=BIGRAM,bigdata=BIGRAM -pbss=RAM \
  -pidata=CODE,irdata=CODE,ibigdata=CODE,ifardata=CODE -prparam=COMRAM \
  C:\Users\moham\AppData\Local\Temp\xcAscko.\driver_tmp_9.o \
  dist/default/debug\SmartHome_Master.X.debug.o 

Object code version is 3.11

Machine type is 18F46K20



                Name                               Link     Load   Length Selector   Space Scale
C:\Users\moham\AppData\Local\Temp\xcAscko.\driver_tmp_9.o
                config                           300000   300000        E        0       4
                init                                  0        0        4        0       0
dist/default/debug\SmartHome_Master.X.debug.o
                config                           300000   300000        E        0       4
                smallconst                         1000     1000       22      800       0
                text61                             1776     1776       16      811       0
                text60                             175E     175E       18      811       0
                text59                             18C6     18C6        4      811       0
                text58                             18C2     18C2        4      811       0
                text57                             18BE     18BE        4      811       0
                text56                             16A4     16A4       2A      811       0
                text55                             18BA     18BA        4      811       0
                text54                             18B6     18B6        4      811       0
                text53                             18B2     18B2        4      811       0
                text52                             16F0     16F0       22      811       0
                text51                             128A     128A       76      811       0
                text50                             1746     1746       18      811       0
                text49                             1678     1678       2C      811       0
                text48                             164C     164C       2C      811       0
                text47                             1620     1620       2C      811       0
                text46                             15F4     15F4       2C      811       0
                text45                             151A     151A       40      811       0
                text44                             18AE     18AE        4      811       0
                text43                             18AA     18AA        4      811       0
                text42                             18A6     18A6        4      811       0
                text41                             1898     1898        6      811       0
                text40                             18A2     18A2        4      811       0
                text39                             1892     1892        6      811       0
                text38                             188A     188A        8      811       0
                text37                             17A0     17A0       14      811       0
                text36                             189E     189E        4      811       0
                text35                             1210     1210       7A      811       0
                text34                             1840     1840        A      811       0
                text33                             17F6     17F6        E      811       0
                text32                             17E8     17E8        E      811       0
                text31                             1022     1022       BE      811       0
                text30                             10E0     10E0       A4      811       0
                text29                             1836     1836        A      811       0
                text28                             1882     1882        8      811       0
                text27                             187A     187A        8      811       0
                text26                             1872     1872        8      811       0
                text25                             186A     186A        8      811       0
                text24                             1862     1862        8      811       0
                text23                             185A     185A        8      811       0
                text22                             1852     1852        8      811       0
                text21                             182C     182C        A      811       0
                text20                             13DC     13DC       64      811       0
                text19                             1374     1374       68      811       0
                text18                             17D8     17D8       10      811       0
                text17                             1712     1712       1C      811       0
                text16                             14D8     14D8       42      811       0
                text15                             184A     184A        8      811       0
                text14                             16CE     16CE       22      811       0
                text13                             1184     1184       8C      811       0
                text12                             172E     172E       18      811       0
                text11                             1300     1300       74      811       0
                text10                             148C     148C       4C      811       0
                text9                              1440     1440       4C      811       0
                text8                              1822     1822        A      811       0
                text7                              1818     1818        A      811       0
                text6                              180E     180E        A      811       0
                text5                              155A     155A       3E      811       0
                text4                              178C     178C       14      811       0
                text3                              1804     1804        A      811       0
                text2                              1598     1598       30      811       0
                text1                              17C6     17C6       12      811       0
                text0                              15C8     15C8       2C      811       0
                cstackCOMRAM                         2C       2C       18        1       1
                bssCOMRAM                             1        1       2B        1       1
                cinit                              17B4     17B4       12      811       0
                nvCOMRAM                             44       44        6        1       1

TOTAL           Name                               Link     Load   Length     Space
        CLASS   CODE           
                init                                  0        0        4         0
                text61                             1776     1776       16         0
                text60                             175E     175E       18         0
                text59                             18C6     18C6        4         0
                text58                             18C2     18C2        4         0
                text57                             18BE     18BE        4         0
                text56                             16A4     16A4       2A         0
                text55                             18BA     18BA        4         0
                text54                             18B6     18B6        4         0
                text53                             18B2     18B2        4         0
                text52                             16F0     16F0       22         0
                text51                             128A     128A       76         0
                text50                             1746     1746       18         0
                text49                             1678     1678       2C         0
                text48                             164C     164C       2C         0
                text47                             1620     1620       2C         0
                text46                             15F4     15F4       2C         0
                text45                             151A     151A       40         0
                text44                             18AE     18AE        4         0
                text43                             18AA     18AA        4         0
                text42                             18A6     18A6        4         0
                text41                             1898     1898        6         0
                text40                             18A2     18A2        4         0
                text39                             1892     1892        6         0
                text38                             188A     188A        8         0
                text37                             17A0     17A0       14         0
                text36                             189E     189E        4         0
                text35                             1210     1210       7A         0
                text34                             1840     1840        A         0
                text33                             17F6     17F6        E         0
                text32                             17E8     17E8        E         0
                text31                             1022     1022       BE         0
                text30                             10E0     10E0       A4         0
                text29                             1836     1836        A         0
                text28                             1882     1882        8         0
                text27                             187A     187A        8         0
                text26                             1872     1872        8         0
                text25                             186A     186A        8         0
                text24                             1862     1862        8         0
                text23                             185A     185A        8         0
                text22                             1852     1852        8         0
                text21                             182C     182C        A         0
                text20                             13DC     13DC       64         0
                text19                             1374     1374       68         0
                text18                             17D8     17D8       10         0
                text17                             1712     1712       1C         0
                text16                             14D8     14D8       42         0
                text15                             184A     184A        8         0
                text14                             16CE     16CE       22         0
                text13                             1184     1184       8C         0
                text12                             172E     172E       18         0
                text11                             1300     1300       74         0
                text10                             148C     148C       4C         0
                text9                              1440     1440       4C         0
                text8                              1822     1822        A         0
                text7                              1818     1818        A         0
                text6                              180E     180E        A         0
                text5                              155A     155A       3E         0
                text4                              178C     178C       14         0
                text3                              1804     1804        A         0
                text2                              1598     1598       30         0
                text1                              17C6     17C6       12         0
                text0                              15C8     15C8       2C         0
                cinit                              17B4     17B4       12         0

        CLASS   CONST          

        CLASS   SMALLCONST     
                smallconst                         1000     1000       22         0

        CLASS   MEDIUMCONST    

        CLASS   COMRAM         
                cstackCOMRAM                         2C       2C       18         1
                bssCOMRAM                             1        1       2B         1
                nvCOMRAM                             44       44        6         1

        CLASS   ABS1           

        CLASS   BIGRAM         

        CLASS   RAM            

        CLASS   BANK0          

        CLASS   BANK1          

        CLASS   BANK2          

        CLASS   BANK3          

        CLASS   BANK4          

        CLASS   BANK5          

        CLASS   BANK6          

        CLASS   BANK7          

        CLASS   BANK8          

        CLASS   BANK9          

        CLASS   BANK10         

        CLASS   BANK11         

        CLASS   BANK12         

        CLASS   BANK13         

        CLASS   BANK14         

        CLASS   BANK15         

        CLASS   SFR            

        CLASS   BIGSFR         

        CLASS   CONFIG         
                config                           300000   300000        E         4

        CLASS   IDLOC          

        CLASS   EEDATA         

        CLASS   FARRAM         

        CLASS   HEAP           

        CLASS   STACK          



SEGMENTS        Name                           Load    Length   Top    Selector   Space  Class

                reset_vec                      000000  000004  000004         0       0  CODE    
                bssCOMRAM                      000001  000049  00004A         1       1  COMRAM  
                smallconst                     001000  000022  001022       800       0  SMALLCON
                text31                         001022  0008A8  0018CA       811       0  CODE    


UNUSED ADDRESS RANGES

        Name                Unused          Largest block    Delta
        BANK0            000060-0000FF               A0
        BANK1            000100-0001FF              100
        BANK10           000A00-000AFF              100
        BANK11           000B00-000BFF              100
        BANK12           000C00-000CFF              100
        BANK13           000D00-000DFF              100
        BANK14           000E00-000EFF              100
        BANK15           000F00-000F5F               60
        BANK2            000200-0002FF              100
        BANK3            000300-0003FF              100
        BANK4            000400-0004FF              100
        BANK5            000500-0005FF              100
        BANK6            000600-0006FF              100
        BANK7            000700-0007FF              100
        BANK8            000800-0008FF              100
        BANK9            000900-0009FF              100
        BIGRAM           00004A-000F5F              F16
        BIGSFR           000F60-000FFF               A0
        CODE             000004-000FFF              FFC
                         0018CA-00FFFF             E736
        COMRAM           00004A-00005F               16
        CONST            000004-000FFF              FFC
                         0018CA-00FFFF             E736
        EEDATA           F00000-F003FF              400
        IDLOC            200000-200007                8
        MEDIUMCONST      0018CA-00FFFF             E736
        RAM              000060-000F5F              100
        SFR              000F60-000FFF               A0
        SMALLCONST       0018CA-00FFFF              100

                                  Symbol Table

BCD_UART_Print@data                            cstackCOMRAM 00002D
EUSART_SetErrorHandler@interruptHandler        cstackCOMRAM 00002C
EUSART_SetFramingErrorHandler@interruptHandler cstackCOMRAM 00002C
EUSART_SetOverrunErrorHandler@interruptHandler cstackCOMRAM 00002C
EUSART_Write@txData                            cstackCOMRAM 00002C
I2C_CallbackReturnReset@funPtr                 cstackCOMRAM 000035
I2C_Close@returnValue                          cstackCOMRAM 00002C
I2C_MasterOperation@read                       cstackCOMRAM 00003B
I2C_MasterOperation@returnValue                cstackCOMRAM 00003C
I2C_MasterSendTxData@data                      cstackCOMRAM 00002C
I2C_Open@address                               cstackCOMRAM 00002C
I2C_Open@returnValue                           cstackCOMRAM 00002D
I2C_Read1ByteRegister@address                  cstackCOMRAM 00003E
I2C_Read1ByteRegister@reg                      cstackCOMRAM 00003D
I2C_Read1ByteRegister@returnValue              cstackCOMRAM 00003F
I2C_SetAddressNackCallback@cb                  cstackCOMRAM 000031
I2C_SetAddressNackCallback@ptr                 cstackCOMRAM 000033
I2C_SetBuffer@buffer                           cstackCOMRAM 00002C
I2C_SetBuffer@bufferSize                       cstackCOMRAM 00002E
I2C_SetCallback@cb                             cstackCOMRAM 00002C
I2C_SetCallback@idx                            cstackCOMRAM 000030
I2C_SetCallback@ptr                            cstackCOMRAM 00002E
I2C_SetDataCompleteCallback@cb                 cstackCOMRAM 000031
I2C_SetDataCompleteCallback@ptr                cstackCOMRAM 000033
RTC_DS1307_print@slave_address                 cstackCOMRAM 000041
RTC_DS1307_receive_values@slave_address        cstackCOMRAM 000040
_ANSEL                                         (abs)        000F7E
_ANSELH                                        (abs)        000F7F
_BAUDCON                                       (abs)        000FB8
_BCD_UART_Print                                text60       00175E
_EEADR                                         (abs)        000FA9
_EEADRH                                        (abs)        000FAA
_EECON1bits                                    (abs)        000FA6
_EECON2                                        (abs)        000FA7
_EEDATA                                        (abs)        000FA8
_EUSART_DefaultErrorHandler                    (abs)        000000
_EUSART_DefaultFramingErrorHandler             (abs)        000000
_EUSART_DefaultOverrunErrorHandler             (abs)        000000
_EUSART_ErrorHandler                           nvCOMRAM     000044
_EUSART_FramingErrorHandler                    nvCOMRAM     000048
_EUSART_Initialize                             text5        00155A
_EUSART_OverrunErrorHandler                    nvCOMRAM     000046
_EUSART_SetErrorHandler                        text8        001822
_EUSART_SetFramingErrorHandler                 text7        001818
_EUSART_SetOverrunErrorHandler                 text6        00180E
_EUSART_Write                                  text61       001776
_I2C_CallbackReturnReset                       text43       0018AA
_I2C_CallbackReturnStop                        text44       0018AE
_I2C_Close                                     text56       0016A4
_I2C_DO_ADDRESS_NACK                           text20       0013DC
_I2C_DO_IDLE                                   text34       001840
_I2C_DO_RCEN                                   text29       001836
_I2C_DO_RESET                                  text21       00182C
_I2C_DO_RX                                     text30       0010E0
_I2C_DO_RX_ACK                                 text24       001862
_I2C_DO_RX_NACK_RESTART                        text22       001852
_I2C_DO_RX_NACK_STOP                           text23       00185A
_I2C_DO_SEND_ADR_READ                          text33       0017F6
_I2C_DO_SEND_ADR_WRITE                         text32       0017E8
_I2C_DO_SEND_RESTART                           text26       001872
_I2C_DO_SEND_RESTART_READ                      text28       001882
_I2C_DO_SEND_RESTART_WRITE                     text27       00187A
_I2C_DO_SEND_STOP                              text25       00186A
_I2C_DO_TX                                     text31       001022
_I2C_DO_TX_EMPTY                               text35       001210
_I2C_Initialize                                text4        00178C
_I2C_MasterClearIrq                            text59       0018C6
_I2C_MasterClose                               text58       0018C2
_I2C_MasterDisableIrq                          text57       0018BE
_I2C_MasterEnableRestart                       text54       0018B6
_I2C_MasterFsm                                 text19       001374
_I2C_MasterGetRxData                           text40       0018A2
_I2C_MasterIsNack                              text37       0017A0
_I2C_MasterOpen                                text14       0016CE
_I2C_MasterOperation                           text16       0014D8
_I2C_MasterSendAck                             text39       001892
_I2C_MasterSendNack                            text41       001898
_I2C_MasterSendTxData                          text38       00188A
_I2C_MasterSetIrq                              text36       00189E
_I2C_MasterStart                               text55       0018BA
_I2C_MasterStartRx                             text42       0018A6
_I2C_MasterStop                                text53       0018B2
_I2C_MasterWaitForEvent                        text18       0017D8
_I2C_MasterWrite                               text15       00184A
_I2C_Open                                      text13       001184
_I2C_Poller                                    text17       001712
_I2C_Read1ByteRegister                         text11       001300
_I2C_SetAddressNackCallback                    text12       00172E
_I2C_SetBuffer                                 text52       0016F0
_I2C_SetCallback                               text51       00128A
_I2C_SetDataCompleteCallback                   text50       001746
_I2C_Status                                    bssCOMRAM    000001
_INTCON2bits                                   (abs)        000FF1
_INTCONbits                                    (abs)        000FF2
_LATA                                          (abs)        000F89
_LATB                                          (abs)        000F8A
_LATC                                          (abs)        000F8B
_LATD                                          (abs)        000F8C
_LATE                                          (abs)        000F8D
_OSCCON                                        (abs)        000FD3
_OSCILLATOR_Initialize                         text3        001804
_OSCTUNE                                       (abs)        000F9B
_PIE1bits                                      (abs)        000F9D
_PIN_MANAGER_Initialize                        text2        001598
_PIR1bits                                      (abs)        000F9E
_PIR2bits                                      (abs)        000FA1
_RCREG                                         (abs)        000FAE
_RCSTA                                         (abs)        000FAB
_RCSTAbits                                     (abs)        000FAB
_RTC_DS1307_print                              text9        001440
_RTC_DS1307_receive_values                     text10       00148C
_SPBRG                                         (abs)        000FAF
_SPBRGH                                        (abs)        000FB0
_SSPADD                                        (abs)        000FC8
_SSPBUF                                        (abs)        000FC9
_SSPCON1                                       (abs)        000FC6
_SSPCON1bits                                   (abs)        000FC6
_SSPCON2                                       (abs)        000FC5
_SSPCON2bits                                   (abs)        000FC5
_SSPSTAT                                       (abs)        000FC7
_SSPSTATbits                                   (abs)        000FC7
_SYSTEM_Initialize                             text1        0017C6
_TABLAT                                        (abs)        000FF5
_TBLPTRH                                       (abs)        000FF7
_TBLPTRL                                       (abs)        000FF6
_TBLPTRU                                       (abs)        000FF8
_TRISA                                         (abs)        000F92
_TRISB                                         (abs)        000F93
_TRISC                                         (abs)        000F94
_TRISD                                         (abs)        000F95
_TRISE                                         (abs)        000F96
_TXREG                                         (abs)        000FAD
_TXSTA                                         (abs)        000FAC
_TXSTAbits                                     (abs)        000FAC
_WPUB                                          (abs)        000F7C
__HRAM                                         (abs)        000000
__H__absolute__                                __absolute__ 000000
__Habs1                                        abs1         000000
__Hbank0                                       bank0        000000
__Hbank1                                       bank1        000000
__Hbank10                                      bank10       000000
__Hbank11                                      bank11       000000
__Hbank12                                      bank12       000000
__Hbank13                                      bank13       000000
__Hbank14                                      bank14       000000
__Hbank15                                      bank15       000000
__Hbank2                                       bank2        000000
__Hbank3                                       bank3        000000
__Hbank4                                       bank4        000000
__Hbank5                                       bank5        000000
__Hbank6                                       bank6        000000
__Hbank7                                       bank7        000000
__Hbank8                                       bank8        000000
__Hbank9                                       bank9        000000
__Hbigbss                                      bigbss       000000
__Hbigdata                                     bigdata      000000
__Hbigram                                      bigram       000000
__Hbigsfr                                      bigsfr       000000
__Hbss                                         bss          000000
__HbssCOMRAM                                   bssCOMRAM    000000
__Hcinit                                       cinit        000000
__Hclrtext                                     clrtext      000000
__Hcomram                                      comram       000000
__Hconfig                                      config       30000E
__Hconst                                       const        000000
__HcstackCOMRAM                                cstackCOMRAM 000000
__Hdata                                        data         000000
__Heeprom_data                                 eeprom_data  000000
__Hfarbss                                      farbss       000000
__Hfardata                                     fardata      000000
__Hheap                                        heap         000000
__Hibigdata                                    ibigdata     000000
__Hidata                                       idata        000000
__Hidloc                                       idloc        000000
__Hifardata                                    ifardata     000000
__Hinit                                        init         000004
__Hintcode                                     intcode      000000
__Hintcode_body                                intcode_body 000000
__Hintcodelo                                   intcodelo    000000
__Hintentry                                    intentry     000000
__Hintret                                      intret       000000
__Hintsave_regs                                intsave_regs 000000
__Hirdata                                      irdata       000000
__Hmediumconst                                 mediumconst  000000
__HnvCOMRAM                                    nvCOMRAM     000000
__HnvFARRAM                                    nvFARRAM     000000
__Hnvbit                                       nvbit        000000
__Hnvrram                                      nvrram       000000
__Hparam                                       rparam       000000
__Hpowerup                                     powerup      000000
__Hram                                         ram          000000
__Hramtop                                      ramtop       001000
__Hrbit                                        rbit         000000
__Hrbss                                        rbss         000000
__Hrdata                                       rdata        000000
__Hreset_vec                                   reset_vec    000000
__Hrparam                                      rparam       000000
__Hsfr                                         sfr          000000
__Hsmallconst                                  smallconst   001022
__Hspace_0                                     (abs)        0018CA
__Hspace_1                                     (abs)        00004A
__Hspace_2                                     (abs)        000000
__Hspace_4                                     (abs)        60000E
__Hstack                                       stack        000000
__Hstruct                                      struct       000000
__Htemp                                        temp         000000
__Htext                                        text         000000
__Htext0                                       text0        000000
__Htext1                                       text1        000000
__Htext10                                      text10       000000
__Htext11                                      text11       000000
__Htext12                                      text12       000000
__Htext13                                      text13       000000
__Htext14                                      text14       000000
__Htext15                                      text15       000000
__Htext16                                      text16       000000
__Htext17                                      text17       000000
__Htext18                                      text18       000000
__Htext19                                      text19       000000
__Htext2                                       text2        000000
__Htext20                                      text20       000000
__Htext21                                      text21       000000
__Htext22                                      text22       000000
__Htext23                                      text23       000000
__Htext24                                      text24       000000
__Htext25                                      text25       000000
__Htext26                                      text26       000000
__Htext27                                      text27       000000
__Htext28                                      text28       000000
__Htext29                                      text29       000000
__Htext3                                       text3        000000
__Htext30                                      text30       000000
__Htext31                                      text31       000000
__Htext32                                      text32       000000
__Htext33                                      text33       000000
__Htext34                                      text34       000000
__Htext35                                      text35       000000
__Htext36                                      text36       000000
__Htext37                                      text37       000000
__Htext38                                      text38       000000
__Htext39                                      text39       000000
__Htext4                                       text4        000000
__Htext40                                      text40       000000
__Htext41                                      text41       000000
__Htext42                                      text42       000000
__Htext43                                      text43       000000
__Htext44                                      text44       000000
__Htext45                                      text45       000000
__Htext46                                      text46       000000
__Htext47                                      text47       000000
__Htext48                                      text48       000000
__Htext49                                      text49       000000
__Htext5                                       text5        000000
__Htext50                                      text50       000000
__Htext51                                      text51       000000
__Htext52                                      text52       000000
__Htext53                                      text53       000000
__Htext54                                      text54       000000
__Htext55                                      text55       000000
__Htext56                                      text56       000000
__Htext57                                      text57       000000
__Htext58                                      text58       000000
__Htext59                                      text59       000000
__Htext6                                       text6        000000
__Htext60                                      text60       000000
__Htext61                                      text61       000000
__Htext62                                      text62       000000
__Htext7                                       text7        000000
__Htext8                                       text8        000000
__Htext9                                       text9        000000
__LRAM                                         (abs)        000001
__L__absolute__                                __absolute__ 000000
__Labs1                                        abs1         000000
__Lbank0                                       bank0        000000
__Lbank1                                       bank1        000000
__Lbank10                                      bank10       000000
__Lbank11                                      bank11       000000
__Lbank12                                      bank12       000000
__Lbank13                                      bank13       000000
__Lbank14                                      bank14       000000
__Lbank15                                      bank15       000000
__Lbank2                                       bank2        000000
__Lbank3                                       bank3        000000
__Lbank4                                       bank4        000000
__Lbank5                                       bank5        000000
__Lbank6                                       bank6        000000
__Lbank7                                       bank7        000000
__Lbank8                                       bank8        000000
__Lbank9                                       bank9        000000
__Lbigbss                                      bigbss       000000
__Lbigdata                                     bigdata      000000
__Lbigram                                      bigram       000000
__Lbigsfr                                      bigsfr       000000
__Lbss                                         bss          000000
__LbssCOMRAM                                   bssCOMRAM    000000
__Lcinit                                       cinit        000000
__Lclrtext                                     clrtext      000000
__Lcomram                                      comram       000000
__Lconfig                                      config       000000
__Lconst                                       const        000000
__LcstackCOMRAM                                cstackCOMRAM 000000
__Ldata                                        data         000000
__Leeprom_data                                 eeprom_data  000000
__Lfarbss                                      farbss       000000
__Lfardata                                     fardata      000000
__Lheap                                        heap         000000
__Libigdata                                    ibigdata     000000
__Lidata                                       idata        000000
__Lidloc                                       idloc        000000
__Lifardata                                    ifardata     000000
__Linit                                        init         000000
__Lintcode                                     intcode      000000
__Lintcode_body                                intcode_body 000000
__Lintcodelo                                   intcodelo    000000
__Lintentry                                    intentry     000000
__Lintret                                      intret       000000
__Lintsave_regs                                intsave_regs 000000
__Lirdata                                      irdata       000000
__Lmediumconst                                 mediumconst  000000
__LnvCOMRAM                                    nvCOMRAM     000000
__LnvFARRAM                                    nvFARRAM     000000
__Lnvbit                                       nvbit        000000
__Lnvrram                                      nvrram       000000
__Lparam                                       rparam       000000
__Lpowerup                                     powerup      000000
__Lram                                         ram          000000
__Lramtop                                      ramtop       001000
__Lrbit                                        rbit         000000
__Lrbss                                        rbss         000000
__Lrdata                                       rdata        000000
__Lreset_vec                                   reset_vec    000000
__Lrparam                                      rparam       000000
__Lsfr                                         sfr          000000
__Lsmallconst                                  smallconst   001000
__Lspace_0                                     (abs)        000000
__Lspace_1                                     (abs)        000000
__Lspace_2                                     (abs)        000000
__Lspace_4                                     (abs)        000000
__Lstack                                       stack        000000
__Lstruct                                      struct       000000
__Ltemp                                        temp         000000
__Ltext                                        text         000000
__Ltext0                                       text0        000000
__Ltext1                                       text1        000000
__Ltext10                                      text10       000000
__Ltext11                                      text11       000000
__Ltext12                                      text12       000000
__Ltext13                                      text13       000000
__Ltext14                                      text14       000000
__Ltext15                                      text15       000000
__Ltext16                                      text16       000000
__Ltext17                                      text17       000000
__Ltext18                                      text18       000000
__Ltext19                                      text19       000000
__Ltext2                                       text2        000000
__Ltext20                                      text20       000000
__Ltext21                                      text21       000000
__Ltext22                                      text22       000000
__Ltext23                                      text23       000000
__Ltext24                                      text24       000000
__Ltext25                                      text25       000000
__Ltext26                                      text26       000000
__Ltext27                                      text27       000000
__Ltext28                                      text28       000000
__Ltext29                                      text29       000000
__Ltext3                                       text3        000000
__Ltext30                                      text30       000000
__Ltext31                                      text31       000000
__Ltext32                                      text32       000000
__Ltext33                                      text33       000000
__Ltext34                                      text34       000000
__Ltext35                                      text35       000000
__Ltext36                                      text36       000000
__Ltext37                                      text37       000000
__Ltext38                                      text38       000000
__Ltext39                                      text39       000000
__Ltext4                                       text4        000000
__Ltext40                                      text40       000000
__Ltext41                                      text41       000000
__Ltext42                                      text42       000000
__Ltext43                                      text43       000000
__Ltext44                                      text44       000000
__Ltext45                                      text45       000000
__Ltext46                                      text46       000000
__Ltext47                                      text47       000000
__Ltext48                                      text48       000000
__Ltext49                                      text49       000000
__Ltext5                                       text5        000000
__Ltext50                                      text50       000000
__Ltext51                                      text51       000000
__Ltext52                                      text52       000000
__Ltext53                                      text53       000000
__Ltext54                                      text54       000000
__Ltext55                                      text55       000000
__Ltext56                                      text56       000000
__Ltext57                                      text57       000000
__Ltext58                                      text58       000000
__Ltext59                                      text59       000000
__Ltext6                                       text6        000000
__Ltext60                                      text60       000000
__Ltext61                                      text61       000000
__Ltext62                                      text62       000000
__Ltext7                                       text7        000000
__Ltext8                                       text8        000000
__Ltext9                                       text9        000000
__S0                                           (abs)        0018CA
__S1                                           (abs)        00004A
__S4                                           (abs)        000000
__S5                                           (abs)        000000
___heap_hi                                     (abs)        000000
___heap_lo                                     (abs)        000000
___inthi_sp                                    stack        000000
___intlo_sp                                    stack        000000
___param_bank                                  (abs)        000000
___rparam_used                                 (abs)        000001
___sp                                          stack        000000
__accesstop                                    (abs)        000060
__activetblptr                                 (abs)        000003
__end_of_BCD_UART_Print                        text60       001776
__end_of_EUSART_Initialize                     text5        001598
__end_of_EUSART_SetErrorHandler                text8        00182C
__end_of_EUSART_SetFramingErrorHandler         text7        001822
__end_of_EUSART_SetOverrunErrorHandler         text6        001818
__end_of_EUSART_Write                          text61       00178C
__end_of_I2C_CallbackReturnReset               text43       0018AE
__end_of_I2C_CallbackReturnStop                text44       0018B2
__end_of_I2C_Close                             text56       0016CE
__end_of_I2C_DO_ADDRESS_NACK                   text20       001440
__end_of_I2C_DO_IDLE                           text34       00184A
__end_of_I2C_DO_RCEN                           text29       001840
__end_of_I2C_DO_RESET                          text21       001836
__end_of_I2C_DO_RX                             text30       001184
__end_of_I2C_DO_RX_ACK                         text24       00186A
__end_of_I2C_DO_RX_NACK_RESTART                text22       00185A
__end_of_I2C_DO_RX_NACK_STOP                   text23       001862
__end_of_I2C_DO_SEND_ADR_READ                  text33       001804
__end_of_I2C_DO_SEND_ADR_WRITE                 text32       0017F6
__end_of_I2C_DO_SEND_RESTART                   text26       00187A
__end_of_I2C_DO_SEND_RESTART_READ              text28       00188A
__end_of_I2C_DO_SEND_RESTART_WRITE             text27       001882
__end_of_I2C_DO_SEND_STOP                      text25       001872
__end_of_I2C_DO_TX                             text31       0010E0
__end_of_I2C_DO_TX_EMPTY                       text35       00128A
__end_of_I2C_Initialize                        text4        0017A0
__end_of_I2C_MasterClearIrq                    text59       0018CA
__end_of_I2C_MasterClose                       text58       0018C6
__end_of_I2C_MasterDisableIrq                  text57       0018C2
__end_of_I2C_MasterEnableRestart               text54       0018BA
__end_of_I2C_MasterFsm                         text19       0013DC
__end_of_I2C_MasterGetRxData                   text40       0018A6
__end_of_I2C_MasterIsNack                      text37       0017B4
__end_of_I2C_MasterOpen                        text14       0016F0
__end_of_I2C_MasterOperation                   text16       00151A
__end_of_I2C_MasterSendAck                     text39       001898
__end_of_I2C_MasterSendNack                    text41       00189E
__end_of_I2C_MasterSendTxData                  text38       001892
__end_of_I2C_MasterSetIrq                      text36       0018A2
__end_of_I2C_MasterStart                       text55       0018BE
__end_of_I2C_MasterStartRx                     text42       0018AA
__end_of_I2C_MasterStop                        text53       0018B6
__end_of_I2C_MasterWaitForEvent                text18       0017E8
__end_of_I2C_MasterWrite                       text15       001852
__end_of_I2C_Open                              text13       001210
__end_of_I2C_Poller                            text17       00172E
__end_of_I2C_Read1ByteRegister                 text11       001374
__end_of_I2C_SetAddressNackCallback            text12       001746
__end_of_I2C_SetBuffer                         text52       001712
__end_of_I2C_SetCallback                       text51       001300
__end_of_I2C_SetDataCompleteCallback           text50       00175E
__end_of_OSCILLATOR_Initialize                 text3        00180E
__end_of_PIN_MANAGER_Initialize                text2        0015C8
__end_of_RTC_DS1307_print                      text9        00148C
__end_of_RTC_DS1307_receive_values             text10       0014D8
__end_of_SYSTEM_Initialize                     text1        0017D8
__end_of__initialization                       cinit        0017C0
__end_of_i2c_fsmStateTable                     smallconst   001021
__end_of_main                                  text0        0015F4
__end_of_rd1RegCompleteHandler                 text48       001678
__end_of_rd2RegCompleteHandler                 text47       00164C
__end_of_rdBlkRegCompleteHandler               text45       00155A
__end_of_wr1RegCompleteHandler                 text46       001620
__end_of_wr2RegCompleteHandler                 text49       0016A4
__initialization                               cinit        0017B4
__mediumconst                                  mediumconst  000000
__pbssCOMRAM                                   bssCOMRAM    000001
__pcinit                                       cinit        0017B4
__pcstackCOMRAM                                cstackCOMRAM 00002C
__pnvCOMRAM                                    nvCOMRAM     000044
__psmallconst                                  smallconst   001000
__ptext0                                       text0        0015C8
__ptext1                                       text1        0017C6
__ptext10                                      text10       00148C
__ptext11                                      text11       001300
__ptext12                                      text12       00172E
__ptext13                                      text13       001184
__ptext14                                      text14       0016CE
__ptext15                                      text15       00184A
__ptext16                                      text16       0014D8
__ptext17                                      text17       001712
__ptext18                                      text18       0017D8
__ptext19                                      text19       001374
__ptext2                                       text2        001598
__ptext20                                      text20       0013DC
__ptext21                                      text21       00182C
__ptext22                                      text22       001852
__ptext23                                      text23       00185A
__ptext24                                      text24       001862
__ptext25                                      text25       00186A
__ptext26                                      text26       001872
__ptext27                                      text27       00187A
__ptext28                                      text28       001882
__ptext29                                      text29       001836
__ptext3                                       text3        001804
__ptext30                                      text30       0010E0
__ptext31                                      text31       001022
__ptext32                                      text32       0017E8
__ptext33                                      text33       0017F6
__ptext34                                      text34       001840
__ptext35                                      text35       001210
__ptext36                                      text36       00189E
__ptext37                                      text37       0017A0
__ptext38                                      text38       00188A
__ptext39                                      text39       001892
__ptext4                                       text4        00178C
__ptext40                                      text40       0018A2
__ptext41                                      text41       001898
__ptext42                                      text42       0018A6
__ptext43                                      text43       0018AA
__ptext44                                      text44       0018AE
__ptext45                                      text45       00151A
__ptext46                                      text46       0015F4
__ptext47                                      text47       001620
__ptext48                                      text48       00164C
__ptext49                                      text49       001678
__ptext5                                       text5        00155A
__ptext50                                      text50       001746
__ptext51                                      text51       00128A
__ptext52                                      text52       0016F0
__ptext53                                      text53       0018B2
__ptext54                                      text54       0018B6
__ptext55                                      text55       0018BA
__ptext56                                      text56       0016A4
__ptext57                                      text57       0018BE
__ptext58                                      text58       0018C2
__ptext59                                      text59       0018C6
__ptext6                                       text6        00180E
__ptext60                                      text60       00175E
__ptext61                                      text61       001776
__ptext62                                      text62       000000
__ptext7                                       text7        001818
__ptext8                                       text8        001822
__ptext9                                       text9        001440
__ramtop                                       ramtop       001000
__smallconst                                   smallconst   001000
_eusartRxLastError                             bssCOMRAM    00002B
_i2c_fsmStateTable                             smallconst   001001
_main                                          text0        0015C8
_rd1RegCompleteHandler                         text48       00164C
_rd2RegCompleteHandler                         text47       001620
_rdBlkRegCompleteHandler                       text45       00151A
_rtc_received                                  bssCOMRAM    000025
_wr1RegCompleteHandler                         text46       0015F4
_wr2RegCompleteHandler                         text49       001678
end_of_initialization                          cinit        0017C0
intlevel0                                      text         000000
intlevel1                                      text         000000
intlevel2                                      text         000000
intlevel3                                      text         000000
isa$std                                        (abs)        000001
isa$xinst                                      (abs)        000000
rd1RegCompleteHandler@ptr                      cstackCOMRAM 000035
rd2RegCompleteHandler@ptr                      cstackCOMRAM 000035
rdBlkRegCompleteHandler@ptr                    cstackCOMRAM 000035
stackhi                                        (abs)        000000
stacklo                                        (abs)        000000
start                                          init         000000
start_initialization                           cinit        0017B4
wr1RegCompleteHandler@ptr                      cstackCOMRAM 000035
wr2RegCompleteHandler@ptr                      cstackCOMRAM 000035


MODULE INFORMATION

Module		Function		Class		Link	Load	Size
mcc_generated_files/examples/i2c_master_example.c
		_wr1RegCompleteHandler		CODE           	15F4	0000	44
		_wr2RegCompleteHandler		CODE           	1678	0000	44
		_I2C_Read1ByteRegister		CODE           	1300	0000	116
		_rdBlkRegCompleteHandler		CODE           	151A	0000	64
		_rd1RegCompleteHandler		CODE           	164C	0000	44
		_rd2RegCompleteHandler		CODE           	1620	0000	44

mcc_generated_files/examples/i2c_master_example.c estimated size: 356

mcc_generated_files/pin_manager.c
		_PIN_MANAGER_Initialize		CODE           	1598	0000	48

mcc_generated_files/pin_manager.c estimated size: 48

shared
		__initialization		CODE           	17B4	0000	12
		_i2c_fsmStateTable		SMALLCONST     	1001	0000	32

shared estimated size: 44

mcc_generated_files/mcc.c
		_OSCILLATOR_Initialize		CODE           	1804	0000	10
		_SYSTEM_Initialize		CODE           	17C6	0000	18

mcc_generated_files/mcc.c estimated size: 28

ECUAL/RTC_DS1307/rtc_ds1307.c
		_RTC_DS1307_receive_values		CODE           	148C	0000	76
		_RTC_DS1307_print		CODE           	1440	0000	76
		_BCD_UART_Print		CODE           	175E	0000	24

ECUAL/RTC_DS1307/rtc_ds1307.c estimated size: 176

mcc_generated_files/i2c_master.c
		_I2C_Close     		CODE           	16A4	0000	42
		_I2C_MasterStartRx		CODE           	18A6	0000	4
		_I2C_DO_SEND_ADR_WRITE		CODE           	17E8	0000	14
		_I2C_MasterWaitForEvent		CODE           	17D8	0000	16
		_I2C_DO_SEND_STOP		CODE           	186A	0000	8
		_I2C_MasterSendNack		CODE           	1898	0000	6
		_I2C_MasterDisableIrq		CODE           	18BE	0000	4
		_I2C_CallbackReturnStop		CODE           	18AE	0000	4
		_I2C_MasterOperation		CODE           	14D8	0000	66
		_I2C_DO_SEND_ADR_READ		CODE           	17F6	0000	14
		_I2C_DO_RX_NACK_STOP		CODE           	185A	0000	8
		_I2C_DO_SEND_RESTART		CODE           	1872	0000	8
		_I2C_DO_RX     		CODE           	10E0	0000	164
		_I2C_DO_TX     		CODE           	1022	0000	190
		_I2C_DO_IDLE   		CODE           	1840	0000	10
		_I2C_DO_RCEN   		CODE           	1836	0000	10
		_I2C_Poller    		CODE           	1712	0000	28
		_I2C_DO_RESET  		CODE           	182C	0000	10
		_I2C_MasterClose		CODE           	18C2	0000	4
		_I2C_MasterWrite		CODE           	184A	0000	8
		_I2C_DO_RX_ACK 		CODE           	1862	0000	8
		_I2C_MasterStart		CODE           	18BA	0000	4
		_I2C_MasterClearIrq		CODE           	18C6	0000	4
		_I2C_MasterGetRxData		CODE           	18A2	0000	4
		_I2C_SetCallback		CODE           	128A	0000	118
		_I2C_DO_ADDRESS_NACK		CODE           	13DC	0000	100
		_I2C_MasterEnableRestart		CODE           	18B6	0000	4
		_I2C_CallbackReturnReset		CODE           	18AA	0000	4
		_I2C_Open      		CODE           	1184	0000	140
		_I2C_SetAddressNackCallback		CODE           	172E	0000	24
		_I2C_DO_TX_EMPTY		CODE           	1210	0000	122
		_I2C_DO_SEND_RESTART_WRITE		CODE           	187A	0000	8
		_I2C_MasterIsNack		CODE           	17A0	0000	20
		_I2C_SetDataCompleteCallback		CODE           	1746	0000	24
		_I2C_DO_RX_NACK_RESTART		CODE           	1852	0000	8
		_I2C_MasterSendAck		CODE           	1892	0000	6
		_I2C_MasterFsm 		CODE           	1374	0000	104
		_I2C_MasterSetIrq		CODE           	189E	0000	4
		_I2C_DO_SEND_RESTART_READ		CODE           	1882	0000	8
		_I2C_Initialize		CODE           	178C	0000	20
		_I2C_SetBuffer 		CODE           	16F0	0000	34
		_I2C_MasterOpen		CODE           	16CE	0000	34
		_I2C_MasterSendTxData		CODE           	188A	0000	8
		_I2C_MasterStop		CODE           	18B2	0000	4

mcc_generated_files/i2c_master.c estimated size: 1432

mcc_generated_files/eusart.c
		_EUSART_Write  		CODE           	1776	0000	22
		_EUSART_Initialize		CODE           	155A	0000	62
		_EUSART_SetFramingErrorHandler		CODE           	1818	0000	10
		_EUSART_SetErrorHandler		CODE           	1822	0000	10
		_EUSART_SetOverrunErrorHandler		CODE           	180E	0000	10

mcc_generated_files/eusart.c estimated size: 114

main.c
		_main          		CODE           	15C8	0000	44

main.c estimated size: 44

